

============================== 06:29:44.929749 | 7426a9a5-f96a-4166-bd0b-148c4f00897e ==============================
[0m06:29:44.929749 [info ] [Dummy-1   ]: Running with dbt=1.9.4
[0m06:29:44.930780 [debug] [Dummy-1   ]: running dbt with arguments {'printer_width': '80', 'indirect_selection': 'eager', 'write_json': 'True', 'log_cache_events': 'False', 'partial_parse': 'True', 'cache_selected_only': 'False', 'profiles_dir': '/tmp/dbt_effective_profiles_5gfd7nel', 'version_check': 'True', 'warn_error': 'None', 'log_path': '/tmp/dbt/logs', 'fail_fast': 'False', 'debug': 'False', 'use_colors': 'True', 'use_experimental_parser': 'False', 'no_print': 'None', 'quiet': 'False', 'empty': 'False', 'log_format': 'default', 'introspect': 'True', 'invocation_command': 'dbt ', 'warn_error_options': 'WarnErrorOptions(include=[], exclude=[])', 'target_path': 'None', 'static_parser': 'True', 'send_anonymous_usage_stats': 'False'}
[0m06:29:45.212713 [info ] [Dummy-1   ]: Registered adapter: snowflake=1.9.2
[0m06:29:45.756835 [debug] [Dummy-1   ]: checksum: 53ed91fada2233efb98368d1716b44ab532c83a9c293cf1890b7905d5b45fb25, vars: {}, profile: , target: dev, version: 1.9.4
[0m06:29:45.758658 [info ] [Dummy-1   ]: Unable to do partial parsing because saved manifest not found. Starting full parse.
[0m06:29:47.038450 [warn ] [Dummy-1   ]: [[33mWARNING[0m]: Configuration paths exist in your dbt_project.yml file which do not apply to any resources.
There are 1 unused configuration paths:
- models.olist_dbt.marts
[0m06:29:47.122196 [debug] [Dummy-1   ]: Wrote artifact WritableManifest to /tmp/dbt/target/manifest.json
[0m06:29:47.124208 [debug] [Dummy-1   ]: Wrote artifact SemanticManifest to /tmp/dbt/target/semantic_manifest.json
[0m06:29:47.163647 [info ] [Dummy-1   ]: Found 1 model, 9 sources, 474 macros
[0m06:29:47.165751 [info ] [Dummy-1   ]: 
[0m06:29:47.166283 [info ] [Dummy-1   ]: Concurrency: 4 threads (target='dev')
[0m06:29:47.166775 [info ] [Dummy-1   ]: 
[0m06:29:47.167524 [debug] [Dummy-1   ]: Acquiring new snowflake connection 'master'
[0m06:29:47.169698 [debug] [ThreadPool]: Acquiring new snowflake connection 'list_ECOMM_DB'
[0m06:29:47.253463 [debug] [ThreadPool]: Using snowflake connection "list_ECOMM_DB"
[0m06:29:47.254034 [debug] [ThreadPool]: On list_ECOMM_DB: /* {"app": "dbt", "dbt_version": "1.9.4", "profile_name": "olist_dbt", "target_name": "dev", "connection_name": "list_ECOMM_DB"} */
show terse schemas in database ECOMM_DB
    limit 10000
[0m06:29:47.254493 [debug] [ThreadPool]: Opening a new connection, currently in state init
[0m06:29:47.643330 [debug] [ThreadPool]: SQL status: SUCCESS 7 in 0.389 seconds
[0m06:29:47.647813 [debug] [ThreadPool]: Acquiring new snowflake connection 'list_ECOMM_DB_DBT_DEV'
[0m06:29:47.661018 [debug] [ThreadPool]: Using snowflake connection "list_ECOMM_DB_DBT_DEV"
[0m06:29:47.661636 [debug] [ThreadPool]: On list_ECOMM_DB_DBT_DEV: /* {"app": "dbt", "dbt_version": "1.9.4", "profile_name": "olist_dbt", "target_name": "dev", "connection_name": "list_ECOMM_DB_DBT_DEV"} */
alter session set quoted_identifiers_ignore_case = false;
[0m06:29:47.662152 [debug] [ThreadPool]: Opening a new connection, currently in state init
[0m06:29:48.107513 [debug] [ThreadPool]: SQL status: SUCCESS 1 in 0.445 seconds
[0m06:29:48.112124 [debug] [ThreadPool]: Using snowflake connection "list_ECOMM_DB_DBT_DEV"
[0m06:29:48.112686 [debug] [ThreadPool]: On list_ECOMM_DB_DBT_DEV: /* {"app": "dbt", "dbt_version": "1.9.4", "profile_name": "olist_dbt", "target_name": "dev", "connection_name": "list_ECOMM_DB_DBT_DEV"} */
show objects in ECOMM_DB.DBT_DEV
    limit 10000
    
;
[0m06:29:48.209009 [debug] [ThreadPool]: SQL status: SUCCESS 0 in 0.096 seconds
[0m06:29:48.211358 [debug] [ThreadPool]: Using snowflake connection "list_ECOMM_DB_DBT_DEV"
[0m06:29:48.211876 [debug] [ThreadPool]: On list_ECOMM_DB_DBT_DEV: /* {"app": "dbt", "dbt_version": "1.9.4", "profile_name": "olist_dbt", "target_name": "dev", "connection_name": "list_ECOMM_DB_DBT_DEV"} */
alter session unset quoted_identifiers_ignore_case;
[0m06:29:48.281309 [debug] [ThreadPool]: SQL status: SUCCESS 1 in 0.069 seconds
[0m06:29:48.293855 [debug] [Thread-2 (]: Began running node model.olist_dbt.stg_orders
[0m06:29:48.294775 [info ] [Thread-2 (]: 1 of 1 START sql view model DBT_DEV.stg_orders ................................. [RUN]
[0m06:29:48.295520 [debug] [Thread-2 (]: Re-using an available connection from the pool (formerly list_ECOMM_DB_DBT_DEV, now model.olist_dbt.stg_orders)
[0m06:29:48.296029 [debug] [Thread-2 (]: Began compiling node model.olist_dbt.stg_orders
[0m06:29:48.304893 [debug] [Thread-2 (]: Writing injected SQL for node "model.olist_dbt.stg_orders"
[0m06:29:48.305800 [debug] [Thread-2 (]: Began executing node model.olist_dbt.stg_orders
[0m06:29:48.345556 [debug] [Thread-2 (]: Writing runtime sql for node "model.olist_dbt.stg_orders"
[0m06:29:48.347245 [debug] [Thread-2 (]: Using snowflake connection "model.olist_dbt.stg_orders"
[0m06:29:48.347892 [debug] [Thread-2 (]: On model.olist_dbt.stg_orders: /* {"app": "dbt", "dbt_version": "1.9.4", "profile_name": "olist_dbt", "target_name": "dev", "node_id": "model.olist_dbt.stg_orders"} */
create or replace   view ECOMM_DB.DBT_DEV.stg_orders
  
   as (
    WITH source_olist AS (
    SELECT
        *
    FROM ECOMM_DB.RAW.OLIST_ORDERS
),
renamed AS (
    SELECT
        "order_id" AS order_id,
        "customer_id" AS customer_id,
        "order_status" AS order_status,
        "order_purchase_timestamp" AS order_purchase_at,
        "order_approved_at" AS order_approved_at,
        "order_delivered_carrier_date" AS order_delivered_carrier_at,
        "order_delivered_customer_date" AS order_delivered_customer_at,
        "order_estimated_delivery_date" AS order_estimated_delivery_at
    FROM source_olist
)
SELECT
    *
FROM renamed
  );
[0m06:29:48.348424 [debug] [Thread-2 (]: Opening a new connection, currently in state init
[0m06:29:48.844702 [debug] [Thread-2 (]: SQL status: SUCCESS 1 in 0.496 seconds
[0m06:29:48.872601 [info ] [Thread-2 (]: 1 of 1 OK created sql view model DBT_DEV.stg_orders ............................ [[32mSUCCESS 1[0m in 0.58s]
[0m06:29:48.873394 [debug] [Thread-2 (]: Finished running node model.olist_dbt.stg_orders
[0m06:29:48.876335 [debug] [Dummy-1   ]: Connection 'master' was properly closed.
[0m06:29:48.876844 [debug] [Dummy-1   ]: Connection 'list_ECOMM_DB' was properly closed.
[0m06:29:48.877254 [debug] [Dummy-1   ]: Connection 'model.olist_dbt.stg_orders' was properly closed.
[0m06:29:48.877711 [info ] [Dummy-1   ]: 
[0m06:29:48.878181 [info ] [Dummy-1   ]: Finished running 1 view model in 0 hours 0 minutes and 1.71 seconds (1.71s).
[0m06:29:48.879035 [debug] [Dummy-1   ]: Command end result
[0m06:29:48.902158 [debug] [Dummy-1   ]: Wrote artifact WritableManifest to /tmp/dbt/target/manifest.json
[0m06:29:48.904299 [debug] [Dummy-1   ]: Wrote artifact SemanticManifest to /tmp/dbt/target/semantic_manifest.json
[0m06:29:48.910172 [debug] [Dummy-1   ]: Wrote artifact RunExecutionResult to /tmp/dbt/target/run_results.json
[0m06:29:48.910751 [info ] [Dummy-1   ]: 
[0m06:29:48.911414 [info ] [Dummy-1   ]: [32mCompleted successfully[0m
[0m06:29:48.911895 [info ] [Dummy-1   ]: 
[0m06:29:48.912396 [info ] [Dummy-1   ]: Done. PASS=1 WARN=0 ERROR=0 SKIP=0 TOTAL=1
[0m06:29:48.914147 [debug] [Dummy-1   ]: Resource report: {"command_name": "run", "command_success": true, "command_wall_clock_time": 4.060262, "process_in_blocks": "0", "process_kernel_time": 0.87, "process_mem_max_rss": "515032", "process_out_blocks": "0", "process_user_time": 5.05}
[0m06:29:48.914843 [debug] [Dummy-1   ]: Command `cli run` succeeded at 06:29:48.914523 after 4.06 seconds
[0m06:29:48.915360 [debug] [Dummy-1   ]: Flushing usage events


============================== 06:33:30.834123 | e5f7b051-192b-4ad4-aa0a-d2c029d19d90 ==============================
[0m06:33:30.834123 [info ] [Dummy-1   ]: Running with dbt=1.9.4
[0m06:33:30.835106 [debug] [Dummy-1   ]: running dbt with arguments {'printer_width': '80', 'indirect_selection': 'eager', 'log_cache_events': 'False', 'write_json': 'True', 'partial_parse': 'True', 'cache_selected_only': 'False', 'warn_error': 'None', 'fail_fast': 'False', 'debug': 'False', 'log_path': '/tmp/dbt/logs', 'profiles_dir': '/tmp/dbt_effective_profiles_ltxuphcx', 'version_check': 'True', 'use_colors': 'True', 'use_experimental_parser': 'False', 'empty': 'False', 'quiet': 'False', 'no_print': 'None', 'log_format': 'default', 'introspect': 'True', 'invocation_command': 'dbt ', 'warn_error_options': 'WarnErrorOptions(include=[], exclude=[])', 'target_path': 'None', 'static_parser': 'True', 'send_anonymous_usage_stats': 'False'}
[0m06:33:31.115070 [info ] [Dummy-1   ]: Registered adapter: snowflake=1.9.2
[0m06:33:31.668006 [debug] [Dummy-1   ]: checksum: 53ed91fada2233efb98368d1716b44ab532c83a9c293cf1890b7905d5b45fb25, vars: {}, profile: , target: dev, version: 1.9.4
[0m06:33:31.861737 [debug] [Dummy-1   ]: Partial parsing enabled: 0 files deleted, 0 files added, 0 files changed.
[0m06:33:31.862339 [debug] [Dummy-1   ]: Partial parsing enabled, no changes found, skipping parsing
[0m06:33:31.868998 [warn ] [Dummy-1   ]: [[33mWARNING[0m]: Configuration paths exist in your dbt_project.yml file which do not apply to any resources.
There are 1 unused configuration paths:
- models.olist_dbt.marts
[0m06:33:32.038021 [debug] [Dummy-1   ]: Wrote artifact WritableManifest to /tmp/dbt/target/manifest.json
[0m06:33:32.040107 [debug] [Dummy-1   ]: Wrote artifact SemanticManifest to /tmp/dbt/target/semantic_manifest.json
[0m06:33:32.084476 [info ] [Dummy-1   ]: Found 1 model, 9 sources, 474 macros
[0m06:33:32.086613 [info ] [Dummy-1   ]: 
[0m06:33:32.087297 [info ] [Dummy-1   ]: Concurrency: 4 threads (target='dev')
[0m06:33:32.087770 [info ] [Dummy-1   ]: 
[0m06:33:32.088797 [debug] [Dummy-1   ]: Acquiring new snowflake connection 'master'
[0m06:33:32.091411 [debug] [ThreadPool]: Acquiring new snowflake connection 'list_ECOMM_DB'
[0m06:33:32.192347 [debug] [ThreadPool]: Using snowflake connection "list_ECOMM_DB"
[0m06:33:32.192909 [debug] [ThreadPool]: On list_ECOMM_DB: /* {"app": "dbt", "dbt_version": "1.9.4", "profile_name": "olist_dbt", "target_name": "dev", "connection_name": "list_ECOMM_DB"} */
show terse schemas in database ECOMM_DB
    limit 10000
[0m06:33:32.193415 [debug] [ThreadPool]: Opening a new connection, currently in state init
[0m06:33:32.601052 [debug] [ThreadPool]: SQL status: SUCCESS 7 in 0.407 seconds
[0m06:33:32.605598 [debug] [ThreadPool]: Acquiring new snowflake connection 'list_ECOMM_DB_DBT_DEV'
[0m06:33:32.619556 [debug] [ThreadPool]: Using snowflake connection "list_ECOMM_DB_DBT_DEV"
[0m06:33:32.620185 [debug] [ThreadPool]: On list_ECOMM_DB_DBT_DEV: /* {"app": "dbt", "dbt_version": "1.9.4", "profile_name": "olist_dbt", "target_name": "dev", "connection_name": "list_ECOMM_DB_DBT_DEV"} */
alter session set quoted_identifiers_ignore_case = false;
[0m06:33:32.620674 [debug] [ThreadPool]: Opening a new connection, currently in state init
[0m06:33:32.981563 [debug] [ThreadPool]: SQL status: SUCCESS 1 in 0.361 seconds
[0m06:33:32.986169 [debug] [ThreadPool]: Using snowflake connection "list_ECOMM_DB_DBT_DEV"
[0m06:33:32.986798 [debug] [ThreadPool]: On list_ECOMM_DB_DBT_DEV: /* {"app": "dbt", "dbt_version": "1.9.4", "profile_name": "olist_dbt", "target_name": "dev", "connection_name": "list_ECOMM_DB_DBT_DEV"} */
show objects in ECOMM_DB.DBT_DEV
    limit 10000
    
;
[0m06:33:33.086816 [debug] [ThreadPool]: SQL status: SUCCESS 1 in 0.099 seconds
[0m06:33:33.089154 [debug] [ThreadPool]: Using snowflake connection "list_ECOMM_DB_DBT_DEV"
[0m06:33:33.089698 [debug] [ThreadPool]: On list_ECOMM_DB_DBT_DEV: /* {"app": "dbt", "dbt_version": "1.9.4", "profile_name": "olist_dbt", "target_name": "dev", "connection_name": "list_ECOMM_DB_DBT_DEV"} */
alter session unset quoted_identifiers_ignore_case;
[0m06:33:33.155392 [debug] [ThreadPool]: SQL status: SUCCESS 1 in 0.065 seconds
[0m06:33:33.167878 [debug] [Thread-2 (]: Began running node model.olist_dbt.stg_orders
[0m06:33:33.168764 [info ] [Thread-2 (]: 1 of 1 START sql view model DBT_DEV.stg_orders ................................. [RUN]
[0m06:33:33.169532 [debug] [Thread-2 (]: Re-using an available connection from the pool (formerly list_ECOMM_DB_DBT_DEV, now model.olist_dbt.stg_orders)
[0m06:33:33.170020 [debug] [Thread-2 (]: Began compiling node model.olist_dbt.stg_orders
[0m06:33:33.179158 [debug] [Thread-2 (]: Writing injected SQL for node "model.olist_dbt.stg_orders"
[0m06:33:33.179974 [debug] [Thread-2 (]: Began executing node model.olist_dbt.stg_orders
[0m06:33:33.219951 [debug] [Thread-2 (]: Writing runtime sql for node "model.olist_dbt.stg_orders"
[0m06:33:33.221450 [debug] [Thread-2 (]: Using snowflake connection "model.olist_dbt.stg_orders"
[0m06:33:33.222049 [debug] [Thread-2 (]: On model.olist_dbt.stg_orders: /* {"app": "dbt", "dbt_version": "1.9.4", "profile_name": "olist_dbt", "target_name": "dev", "node_id": "model.olist_dbt.stg_orders"} */
create or replace   view ECOMM_DB.DBT_DEV.stg_orders
  
   as (
    WITH source_olist AS (
    SELECT
        *
    FROM ECOMM_DB.RAW.OLIST_ORDERS
),
renamed AS (
    SELECT
        "order_id" AS order_id,
        "customer_id" AS customer_id,
        "order_status" AS order_status,
        "order_purchase_timestamp" AS order_purchase_at,
        "order_approved_at" AS order_approved_at,
        "order_delivered_carrier_date" AS order_delivered_carrier_at,
        "order_delivered_customer_date" AS order_delivered_customer_at,
        "order_estimated_delivery_date" AS order_estimated_delivery_at
    FROM source_olist
)
SELECT
    *
FROM renamed
  );
[0m06:33:33.222562 [debug] [Thread-2 (]: Opening a new connection, currently in state init
[0m06:33:33.965500 [debug] [Thread-2 (]: SQL status: SUCCESS 1 in 0.743 seconds
[0m06:33:33.995911 [info ] [Thread-2 (]: 1 of 1 OK created sql view model DBT_DEV.stg_orders ............................ [[32mSUCCESS 1[0m in 0.82s]
[0m06:33:33.996732 [debug] [Thread-2 (]: Finished running node model.olist_dbt.stg_orders
[0m06:33:33.999716 [debug] [Dummy-1   ]: Connection 'master' was properly closed.
[0m06:33:34.000192 [debug] [Dummy-1   ]: Connection 'list_ECOMM_DB' was properly closed.
[0m06:33:34.000599 [debug] [Dummy-1   ]: Connection 'model.olist_dbt.stg_orders' was properly closed.
[0m06:33:34.001047 [info ] [Dummy-1   ]: 
[0m06:33:34.001522 [info ] [Dummy-1   ]: Finished running 1 view model in 0 hours 0 minutes and 1.91 seconds (1.91s).
[0m06:33:34.002302 [debug] [Dummy-1   ]: Command end result
[0m06:33:34.024653 [debug] [Dummy-1   ]: Wrote artifact WritableManifest to /tmp/dbt/target/manifest.json
[0m06:33:34.026584 [debug] [Dummy-1   ]: Wrote artifact SemanticManifest to /tmp/dbt/target/semantic_manifest.json
[0m06:33:34.032504 [debug] [Dummy-1   ]: Wrote artifact RunExecutionResult to /tmp/dbt/target/run_results.json
[0m06:33:34.032994 [info ] [Dummy-1   ]: 
[0m06:33:34.033599 [info ] [Dummy-1   ]: [32mCompleted successfully[0m
[0m06:33:34.034029 [info ] [Dummy-1   ]: 
[0m06:33:34.034483 [info ] [Dummy-1   ]: Done. PASS=1 WARN=0 ERROR=0 SKIP=0 TOTAL=1
[0m06:33:34.036213 [debug] [Dummy-1   ]: Resource report: {"command_name": "run", "command_success": true, "command_wall_clock_time": 3.2769527, "process_in_blocks": "0", "process_kernel_time": 0.94, "process_mem_max_rss": "461032", "process_out_blocks": "0", "process_user_time": 4.07}
[0m06:33:34.036807 [debug] [Dummy-1   ]: Command `cli run` succeeded at 06:33:34.036566 after 3.28 seconds
[0m06:33:34.037295 [debug] [Dummy-1   ]: Flushing usage events


============================== 10:01:21.975438 | b5819a20-155a-456d-8ac3-e93c9acea2a1 ==============================
[0m10:01:21.975438 [info ] [Dummy-1   ]: Running with dbt=1.9.4
[0m10:01:21.976338 [debug] [Dummy-1   ]: running dbt with arguments {'printer_width': '80', 'indirect_selection': 'eager', 'log_cache_events': 'False', 'write_json': 'True', 'partial_parse': 'True', 'cache_selected_only': 'False', 'warn_error': 'None', 'fail_fast': 'False', 'profiles_dir': '/tmp/dbt_effective_profiles_i2cm3jaa', 'log_path': '/tmp/dbt/logs', 'version_check': 'True', 'debug': 'False', 'use_colors': 'True', 'use_experimental_parser': 'False', 'no_print': 'None', 'quiet': 'False', 'empty': 'False', 'warn_error_options': 'WarnErrorOptions(include=[], exclude=[])', 'introspect': 'True', 'static_parser': 'True', 'invocation_command': 'dbt ', 'target_path': 'None', 'log_format': 'default', 'send_anonymous_usage_stats': 'False'}
[0m10:01:22.253281 [info ] [Dummy-1   ]: Registered adapter: snowflake=1.9.2
[0m10:01:22.780620 [debug] [Dummy-1   ]: checksum: 53ed91fada2233efb98368d1716b44ab532c83a9c293cf1890b7905d5b45fb25, vars: {}, profile: , target: dev, version: 1.9.4
[0m10:01:23.001907 [debug] [Dummy-1   ]: Partial parsing enabled: 0 files deleted, 1 files added, 0 files changed.
[0m10:01:23.002772 [debug] [Dummy-1   ]: Partial parsing: added file: olist_dbt://models/staging/stg_order_items.sql
[0m10:01:23.397708 [warn ] [Dummy-1   ]: [[33mWARNING[0m]: Configuration paths exist in your dbt_project.yml file which do not apply to any resources.
There are 1 unused configuration paths:
- models.olist_dbt.marts
[0m10:01:23.482450 [debug] [Dummy-1   ]: Wrote artifact WritableManifest to /tmp/dbt/target/manifest.json
[0m10:01:23.484591 [debug] [Dummy-1   ]: Wrote artifact SemanticManifest to /tmp/dbt/target/semantic_manifest.json
[0m10:01:23.525491 [info ] [Dummy-1   ]: Found 2 models, 9 sources, 474 macros
[0m10:01:23.527820 [info ] [Dummy-1   ]: 
[0m10:01:23.528332 [info ] [Dummy-1   ]: Concurrency: 4 threads (target='dev')
[0m10:01:23.528754 [info ] [Dummy-1   ]: 
[0m10:01:23.529460 [debug] [Dummy-1   ]: Acquiring new snowflake connection 'master'
[0m10:01:23.531823 [debug] [ThreadPool]: Acquiring new snowflake connection 'list_ECOMM_DB'
[0m10:01:23.634790 [debug] [ThreadPool]: Using snowflake connection "list_ECOMM_DB"
[0m10:01:23.635495 [debug] [ThreadPool]: On list_ECOMM_DB: /* {"app": "dbt", "dbt_version": "1.9.4", "profile_name": "olist_dbt", "target_name": "dev", "connection_name": "list_ECOMM_DB"} */
show terse schemas in database ECOMM_DB
    limit 10000
[0m10:01:23.636053 [debug] [ThreadPool]: Opening a new connection, currently in state init
[0m10:01:24.023276 [debug] [ThreadPool]: SQL status: SUCCESS 7 in 0.387 seconds
[0m10:01:24.031158 [debug] [ThreadPool]: Re-using an available connection from the pool (formerly list_ECOMM_DB, now list_ECOMM_DB_DBT_DEV)
[0m10:01:24.044349 [debug] [ThreadPool]: Using snowflake connection "list_ECOMM_DB_DBT_DEV"
[0m10:01:24.044921 [debug] [ThreadPool]: On list_ECOMM_DB_DBT_DEV: /* {"app": "dbt", "dbt_version": "1.9.4", "profile_name": "olist_dbt", "target_name": "dev", "connection_name": "list_ECOMM_DB_DBT_DEV"} */
alter session set quoted_identifiers_ignore_case = false;
[0m10:01:24.045374 [debug] [ThreadPool]: Opening a new connection, currently in state init
[0m10:01:24.396003 [debug] [ThreadPool]: SQL status: SUCCESS 1 in 0.350 seconds
[0m10:01:24.400657 [debug] [ThreadPool]: Using snowflake connection "list_ECOMM_DB_DBT_DEV"
[0m10:01:24.401239 [debug] [ThreadPool]: On list_ECOMM_DB_DBT_DEV: /* {"app": "dbt", "dbt_version": "1.9.4", "profile_name": "olist_dbt", "target_name": "dev", "connection_name": "list_ECOMM_DB_DBT_DEV"} */
show objects in ECOMM_DB.DBT_DEV
    limit 10000
    
;
[0m10:01:24.497169 [debug] [ThreadPool]: SQL status: SUCCESS 1 in 0.095 seconds
[0m10:01:24.499419 [debug] [ThreadPool]: Using snowflake connection "list_ECOMM_DB_DBT_DEV"
[0m10:01:24.499981 [debug] [ThreadPool]: On list_ECOMM_DB_DBT_DEV: /* {"app": "dbt", "dbt_version": "1.9.4", "profile_name": "olist_dbt", "target_name": "dev", "connection_name": "list_ECOMM_DB_DBT_DEV"} */
alter session unset quoted_identifiers_ignore_case;
[0m10:01:24.554761 [debug] [ThreadPool]: SQL status: SUCCESS 1 in 0.054 seconds
[0m10:01:24.567489 [debug] [Thread-2 (]: Began running node model.olist_dbt.stg_order_items
[0m10:01:24.568320 [info ] [Thread-2 (]: 1 of 1 START sql view model DBT_DEV.stg_order_items ............................ [RUN]
[0m10:01:24.569006 [debug] [Thread-2 (]: Re-using an available connection from the pool (formerly list_ECOMM_DB_DBT_DEV, now model.olist_dbt.stg_order_items)
[0m10:01:24.569548 [debug] [Thread-2 (]: Began compiling node model.olist_dbt.stg_order_items
[0m10:01:24.578224 [debug] [Thread-2 (]: Writing injected SQL for node "model.olist_dbt.stg_order_items"
[0m10:01:24.579034 [debug] [Thread-2 (]: Began executing node model.olist_dbt.stg_order_items
[0m10:01:24.617470 [debug] [Thread-2 (]: Writing runtime sql for node "model.olist_dbt.stg_order_items"
[0m10:01:24.618926 [debug] [Thread-2 (]: Using snowflake connection "model.olist_dbt.stg_order_items"
[0m10:01:24.619495 [debug] [Thread-2 (]: On model.olist_dbt.stg_order_items: /* {"app": "dbt", "dbt_version": "1.9.4", "profile_name": "olist_dbt", "target_name": "dev", "node_id": "model.olist_dbt.stg_order_items"} */
create or replace   view ECOMM_DB.DBT_DEV.stg_order_items
  
   as (
    WITH source_olist AS (
    SELECT
        *
    FROM ECOMM_DB.RAW.OLIST_ORDER_ITEMS
),
renamed AS (
    SELECT
        "order_id" AS order_id,
        "order_item_id" AS order_item_seq,
        "product_id" AS product_id,
        "seller_id" AS seller_id,
        "shipping_limit_date" AS shipping_limit_at,
        "price" AS price,
        "freight_value" AS freight_value
    FROM source_olist
)
SELECT
    *
FROM renamed
  );
[0m10:01:24.620046 [debug] [Thread-2 (]: Opening a new connection, currently in state init
[0m10:01:25.161193 [debug] [Thread-2 (]: SQL status: SUCCESS 1 in 0.541 seconds
[0m10:01:25.187877 [info ] [Thread-2 (]: 1 of 1 OK created sql view model DBT_DEV.stg_order_items ....................... [[32mSUCCESS 1[0m in 0.62s]
[0m10:01:25.188710 [debug] [Thread-2 (]: Finished running node model.olist_dbt.stg_order_items
[0m10:01:25.191611 [debug] [Dummy-1   ]: Connection 'master' was properly closed.
[0m10:01:25.192119 [debug] [Dummy-1   ]: Connection 'model.olist_dbt.stg_order_items' was properly closed.
[0m10:01:25.192597 [info ] [Dummy-1   ]: 
[0m10:01:25.193071 [info ] [Dummy-1   ]: Finished running 1 view model in 0 hours 0 minutes and 1.66 seconds (1.66s).
[0m10:01:25.193858 [debug] [Dummy-1   ]: Command end result
[0m10:01:25.215472 [debug] [Dummy-1   ]: Wrote artifact WritableManifest to /tmp/dbt/target/manifest.json
[0m10:01:25.217418 [debug] [Dummy-1   ]: Wrote artifact SemanticManifest to /tmp/dbt/target/semantic_manifest.json
[0m10:01:25.223555 [debug] [Dummy-1   ]: Wrote artifact RunExecutionResult to /tmp/dbt/target/run_results.json
[0m10:01:25.224062 [info ] [Dummy-1   ]: 
[0m10:01:25.224683 [info ] [Dummy-1   ]: [32mCompleted successfully[0m
[0m10:01:25.225136 [info ] [Dummy-1   ]: 
[0m10:01:25.225628 [info ] [Dummy-1   ]: Done. PASS=1 WARN=0 ERROR=0 SKIP=0 TOTAL=1
[0m10:01:25.227465 [debug] [Dummy-1   ]: Resource report: {"command_name": "run", "command_success": true, "command_wall_clock_time": 3.326969, "process_in_blocks": "0", "process_kernel_time": 0.91, "process_mem_max_rss": "515748", "process_out_blocks": "0", "process_user_time": 4.24}
[0m10:01:25.228120 [debug] [Dummy-1   ]: Command `cli run` succeeded at 10:01:25.227855 after 3.33 seconds
[0m10:01:25.228645 [debug] [Dummy-1   ]: Flushing usage events


============================== 10:29:20.274007 | 966795d1-a387-4c41-808e-b48e27eb5644 ==============================
[0m10:29:20.274007 [info ] [Dummy-1   ]: Running with dbt=1.9.4
[0m10:29:20.274902 [debug] [Dummy-1   ]: running dbt with arguments {'printer_width': '80', 'indirect_selection': 'eager', 'log_cache_events': 'False', 'write_json': 'True', 'partial_parse': 'True', 'cache_selected_only': 'False', 'profiles_dir': '/tmp/dbt_effective_profiles_cg8bvp7y', 'version_check': 'True', 'fail_fast': 'False', 'log_path': '/tmp/dbt/logs', 'debug': 'False', 'warn_error': 'None', 'use_colors': 'True', 'use_experimental_parser': 'False', 'no_print': 'None', 'quiet': 'False', 'empty': 'False', 'warn_error_options': 'WarnErrorOptions(include=[], exclude=[])', 'invocation_command': 'dbt ', 'log_format': 'default', 'introspect': 'True', 'target_path': 'None', 'static_parser': 'True', 'send_anonymous_usage_stats': 'False'}
[0m10:29:20.543455 [info ] [Dummy-1   ]: Registered adapter: snowflake=1.9.2
[0m10:29:21.073022 [debug] [Dummy-1   ]: checksum: 53ed91fada2233efb98368d1716b44ab532c83a9c293cf1890b7905d5b45fb25, vars: {}, profile: , target: dev, version: 1.9.4
[0m10:29:21.285290 [debug] [Dummy-1   ]: Partial parsing enabled: 0 files deleted, 1 files added, 0 files changed.
[0m10:29:21.286031 [debug] [Dummy-1   ]: Partial parsing: added file: olist_dbt://models/staging/stg_order_reviews.sql
[0m10:29:21.679850 [warn ] [Dummy-1   ]: [[33mWARNING[0m]: Configuration paths exist in your dbt_project.yml file which do not apply to any resources.
There are 1 unused configuration paths:
- models.olist_dbt.marts
[0m10:29:21.764906 [debug] [Dummy-1   ]: Wrote artifact WritableManifest to /tmp/dbt/target/manifest.json
[0m10:29:21.766924 [debug] [Dummy-1   ]: Wrote artifact SemanticManifest to /tmp/dbt/target/semantic_manifest.json
[0m10:29:21.809603 [info ] [Dummy-1   ]: Found 3 models, 9 sources, 474 macros
[0m10:29:21.812031 [info ] [Dummy-1   ]: 
[0m10:29:21.812578 [info ] [Dummy-1   ]: Concurrency: 4 threads (target='dev')
[0m10:29:21.813030 [info ] [Dummy-1   ]: 
[0m10:29:21.813780 [debug] [Dummy-1   ]: Acquiring new snowflake connection 'master'
[0m10:29:21.816135 [debug] [ThreadPool]: Acquiring new snowflake connection 'list_ECOMM_DB'
[0m10:29:21.918090 [debug] [ThreadPool]: Using snowflake connection "list_ECOMM_DB"
[0m10:29:21.918718 [debug] [ThreadPool]: On list_ECOMM_DB: /* {"app": "dbt", "dbt_version": "1.9.4", "profile_name": "olist_dbt", "target_name": "dev", "connection_name": "list_ECOMM_DB"} */
show terse schemas in database ECOMM_DB
    limit 10000
[0m10:29:21.919190 [debug] [ThreadPool]: Opening a new connection, currently in state init
[0m10:29:22.394951 [debug] [ThreadPool]: SQL status: SUCCESS 7 in 0.476 seconds
[0m10:29:22.402627 [debug] [ThreadPool]: Re-using an available connection from the pool (formerly list_ECOMM_DB, now list_ECOMM_DB_DBT_DEV)
[0m10:29:22.415191 [debug] [ThreadPool]: Using snowflake connection "list_ECOMM_DB_DBT_DEV"
[0m10:29:22.415726 [debug] [ThreadPool]: On list_ECOMM_DB_DBT_DEV: /* {"app": "dbt", "dbt_version": "1.9.4", "profile_name": "olist_dbt", "target_name": "dev", "connection_name": "list_ECOMM_DB_DBT_DEV"} */
alter session set quoted_identifiers_ignore_case = false;
[0m10:29:22.416172 [debug] [ThreadPool]: Opening a new connection, currently in state init
[0m10:29:22.828004 [debug] [ThreadPool]: SQL status: SUCCESS 1 in 0.412 seconds
[0m10:29:22.832490 [debug] [ThreadPool]: Using snowflake connection "list_ECOMM_DB_DBT_DEV"
[0m10:29:22.833058 [debug] [ThreadPool]: On list_ECOMM_DB_DBT_DEV: /* {"app": "dbt", "dbt_version": "1.9.4", "profile_name": "olist_dbt", "target_name": "dev", "connection_name": "list_ECOMM_DB_DBT_DEV"} */
show objects in ECOMM_DB.DBT_DEV
    limit 10000
    
;
[0m10:29:22.954988 [debug] [ThreadPool]: SQL status: SUCCESS 2 in 0.121 seconds
[0m10:29:22.957062 [debug] [ThreadPool]: Using snowflake connection "list_ECOMM_DB_DBT_DEV"
[0m10:29:22.957541 [debug] [ThreadPool]: On list_ECOMM_DB_DBT_DEV: /* {"app": "dbt", "dbt_version": "1.9.4", "profile_name": "olist_dbt", "target_name": "dev", "connection_name": "list_ECOMM_DB_DBT_DEV"} */
alter session unset quoted_identifiers_ignore_case;
[0m10:29:23.017858 [debug] [ThreadPool]: SQL status: SUCCESS 1 in 0.060 seconds
[0m10:29:23.030238 [debug] [Thread-2 (]: Began running node model.olist_dbt.stg_order_reviews
[0m10:29:23.031068 [info ] [Thread-2 (]: 1 of 1 START sql view model DBT_DEV.stg_order_reviews .......................... [RUN]
[0m10:29:23.031715 [debug] [Thread-2 (]: Re-using an available connection from the pool (formerly list_ECOMM_DB_DBT_DEV, now model.olist_dbt.stg_order_reviews)
[0m10:29:23.032218 [debug] [Thread-2 (]: Began compiling node model.olist_dbt.stg_order_reviews
[0m10:29:23.040782 [debug] [Thread-2 (]: Writing injected SQL for node "model.olist_dbt.stg_order_reviews"
[0m10:29:23.041574 [debug] [Thread-2 (]: Began executing node model.olist_dbt.stg_order_reviews
[0m10:29:23.079872 [debug] [Thread-2 (]: Writing runtime sql for node "model.olist_dbt.stg_order_reviews"
[0m10:29:23.081298 [debug] [Thread-2 (]: Using snowflake connection "model.olist_dbt.stg_order_reviews"
[0m10:29:23.081836 [debug] [Thread-2 (]: On model.olist_dbt.stg_order_reviews: /* {"app": "dbt", "dbt_version": "1.9.4", "profile_name": "olist_dbt", "target_name": "dev", "node_id": "model.olist_dbt.stg_order_reviews"} */
create or replace   view ECOMM_DB.DBT_DEV.stg_order_reviews
  
   as (
    WITH source_olist AS (
    SELECT
        *
    FROM ECOMM_DB.RAW.OLIST_ORDER_REVIEWS
),
renamed AS (
    SELECT
        "review_id" AS review_id,
        "order_id" AS order_id,
        "review_score" AS review_score,
        "review_comment_title" AS review_comment_title,
        "review_comment_message" AS review_comment_message,
        "review_creation_date" AS review_creation_at,
        "review_answer_timestamp" AS review_answer_at
    FROM source_olist
)
SELECT
    *
FROM renamed
  );
[0m10:29:23.082327 [debug] [Thread-2 (]: Opening a new connection, currently in state init
[0m10:29:23.656319 [debug] [Thread-2 (]: SQL status: SUCCESS 1 in 0.574 seconds
[0m10:29:23.682059 [info ] [Thread-2 (]: 1 of 1 OK created sql view model DBT_DEV.stg_order_reviews ..................... [[32mSUCCESS 1[0m in 0.65s]
[0m10:29:23.682989 [debug] [Thread-2 (]: Finished running node model.olist_dbt.stg_order_reviews
[0m10:29:23.685911 [debug] [Dummy-1   ]: Connection 'master' was properly closed.
[0m10:29:23.686381 [debug] [Dummy-1   ]: Connection 'model.olist_dbt.stg_order_reviews' was properly closed.
[0m10:29:23.686923 [info ] [Dummy-1   ]: 
[0m10:29:23.687382 [info ] [Dummy-1   ]: Finished running 1 view model in 0 hours 0 minutes and 1.87 seconds (1.87s).
[0m10:29:23.688170 [debug] [Dummy-1   ]: Command end result
[0m10:29:23.709703 [debug] [Dummy-1   ]: Wrote artifact WritableManifest to /tmp/dbt/target/manifest.json
[0m10:29:23.712077 [debug] [Dummy-1   ]: Wrote artifact SemanticManifest to /tmp/dbt/target/semantic_manifest.json
[0m10:29:23.718494 [debug] [Dummy-1   ]: Wrote artifact RunExecutionResult to /tmp/dbt/target/run_results.json
[0m10:29:23.719104 [info ] [Dummy-1   ]: 
[0m10:29:23.719735 [info ] [Dummy-1   ]: [32mCompleted successfully[0m
[0m10:29:23.720208 [info ] [Dummy-1   ]: 
[0m10:29:23.720701 [info ] [Dummy-1   ]: Done. PASS=1 WARN=0 ERROR=0 SKIP=0 TOTAL=1
[0m10:29:23.722651 [debug] [Dummy-1   ]: Resource report: {"command_name": "run", "command_success": true, "command_wall_clock_time": 3.521845, "process_in_blocks": "0", "process_kernel_time": 0.81, "process_mem_max_rss": "521352", "process_out_blocks": "0", "process_user_time": 4.27}
[0m10:29:23.723297 [debug] [Dummy-1   ]: Command `cli run` succeeded at 10:29:23.723045 after 3.52 seconds
[0m10:29:23.723802 [debug] [Dummy-1   ]: Flushing usage events


============================== 01:01:44.440981 | 5ea6751c-6629-400c-b8ad-d929699f0913 ==============================
[0m01:01:44.440981 [info ] [Dummy-1   ]: Running with dbt=1.9.4
[0m01:01:44.441916 [debug] [Dummy-1   ]: running dbt with arguments {'printer_width': '80', 'indirect_selection': 'eager', 'write_json': 'True', 'log_cache_events': 'False', 'partial_parse': 'True', 'cache_selected_only': 'False', 'warn_error': 'None', 'fail_fast': 'False', 'debug': 'False', 'log_path': '/tmp/dbt/logs', 'version_check': 'True', 'profiles_dir': '/tmp/dbt_effective_profiles_bht6pque', 'use_colors': 'True', 'use_experimental_parser': 'False', 'empty': 'False', 'quiet': 'False', 'no_print': 'None', 'warn_error_options': 'WarnErrorOptions(include=[], exclude=[])', 'introspect': 'True', 'static_parser': 'True', 'invocation_command': 'dbt ', 'target_path': 'None', 'log_format': 'default', 'send_anonymous_usage_stats': 'False'}
[0m01:01:44.721142 [info ] [Dummy-1   ]: Registered adapter: snowflake=1.9.2
[0m01:01:45.267579 [debug] [Dummy-1   ]: checksum: 53ed91fada2233efb98368d1716b44ab532c83a9c293cf1890b7905d5b45fb25, vars: {}, profile: , target: dev, version: 1.9.4
[0m01:01:45.386903 [info ] [Dummy-1   ]: Unable to do partial parsing because a project config has changed
[0m01:01:46.700525 [warn ] [Dummy-1   ]: [[33mWARNING[0m]: Configuration paths exist in your dbt_project.yml file which do not apply to any resources.
There are 1 unused configuration paths:
- models.olist_dbt.marts
[0m01:01:46.787919 [debug] [Dummy-1   ]: Wrote artifact WritableManifest to /tmp/dbt/target/manifest.json
[0m01:01:46.790064 [debug] [Dummy-1   ]: Wrote artifact SemanticManifest to /tmp/dbt/target/semantic_manifest.json
[0m01:01:46.831308 [info ] [Dummy-1   ]: Found 4 models, 9 sources, 474 macros
[0m01:01:46.833588 [info ] [Dummy-1   ]: 
[0m01:01:46.834243 [info ] [Dummy-1   ]: Concurrency: 4 threads (target='dev')
[0m01:01:46.834731 [info ] [Dummy-1   ]: 
[0m01:01:46.835445 [debug] [Dummy-1   ]: Acquiring new snowflake connection 'master'
[0m01:01:46.837685 [debug] [ThreadPool]: Acquiring new snowflake connection 'list_ECOMM_DB'
[0m01:01:46.924577 [debug] [ThreadPool]: Using snowflake connection "list_ECOMM_DB"
[0m01:01:46.925170 [debug] [ThreadPool]: On list_ECOMM_DB: /* {"app": "dbt", "dbt_version": "1.9.4", "profile_name": "olist_dbt", "target_name": "dev", "connection_name": "list_ECOMM_DB"} */
show terse schemas in database ECOMM_DB
    limit 10000
[0m01:01:46.925648 [debug] [ThreadPool]: Opening a new connection, currently in state init
[0m01:01:47.588941 [debug] [ThreadPool]: SQL status: SUCCESS 7 in 0.663 seconds
[0m01:01:47.597247 [debug] [ThreadPool]: Re-using an available connection from the pool (formerly list_ECOMM_DB, now list_ECOMM_DB_DBT_DEV)
[0m01:01:47.610552 [debug] [ThreadPool]: Using snowflake connection "list_ECOMM_DB_DBT_DEV"
[0m01:01:47.611142 [debug] [ThreadPool]: On list_ECOMM_DB_DBT_DEV: /* {"app": "dbt", "dbt_version": "1.9.4", "profile_name": "olist_dbt", "target_name": "dev", "connection_name": "list_ECOMM_DB_DBT_DEV"} */
alter session set quoted_identifiers_ignore_case = false;
[0m01:01:47.611584 [debug] [ThreadPool]: Opening a new connection, currently in state init
[0m01:01:48.134670 [debug] [ThreadPool]: SQL status: SUCCESS 1 in 0.523 seconds
[0m01:01:48.139418 [debug] [ThreadPool]: Using snowflake connection "list_ECOMM_DB_DBT_DEV"
[0m01:01:48.139996 [debug] [ThreadPool]: On list_ECOMM_DB_DBT_DEV: /* {"app": "dbt", "dbt_version": "1.9.4", "profile_name": "olist_dbt", "target_name": "dev", "connection_name": "list_ECOMM_DB_DBT_DEV"} */
show objects in ECOMM_DB.DBT_DEV
    limit 10000
    
;
[0m01:01:48.280793 [debug] [ThreadPool]: SQL status: SUCCESS 3 in 0.140 seconds
[0m01:01:48.283189 [debug] [ThreadPool]: Using snowflake connection "list_ECOMM_DB_DBT_DEV"
[0m01:01:48.283810 [debug] [ThreadPool]: On list_ECOMM_DB_DBT_DEV: /* {"app": "dbt", "dbt_version": "1.9.4", "profile_name": "olist_dbt", "target_name": "dev", "connection_name": "list_ECOMM_DB_DBT_DEV"} */
alter session unset quoted_identifiers_ignore_case;
[0m01:01:48.349604 [debug] [ThreadPool]: SQL status: SUCCESS 1 in 0.065 seconds
[0m01:01:48.363131 [debug] [Thread-2 (]: Began running node model.olist_dbt.int_reviews_by_order
[0m01:01:48.363993 [info ] [Thread-2 (]: 1 of 1 START sql view model DBT_DEV.int_reviews_by_order ....................... [RUN]
[0m01:01:48.364710 [debug] [Thread-2 (]: Re-using an available connection from the pool (formerly list_ECOMM_DB_DBT_DEV, now model.olist_dbt.int_reviews_by_order)
[0m01:01:48.365217 [debug] [Thread-2 (]: Began compiling node model.olist_dbt.int_reviews_by_order
[0m01:01:48.375309 [debug] [Thread-2 (]: Writing injected SQL for node "model.olist_dbt.int_reviews_by_order"
[0m01:01:48.376236 [debug] [Thread-2 (]: Began executing node model.olist_dbt.int_reviews_by_order
[0m01:01:48.418781 [debug] [Thread-2 (]: Writing runtime sql for node "model.olist_dbt.int_reviews_by_order"
[0m01:01:48.420197 [debug] [Thread-2 (]: Using snowflake connection "model.olist_dbt.int_reviews_by_order"
[0m01:01:48.420831 [debug] [Thread-2 (]: On model.olist_dbt.int_reviews_by_order: /* {"app": "dbt", "dbt_version": "1.9.4", "profile_name": "olist_dbt", "target_name": "dev", "node_id": "model.olist_dbt.int_reviews_by_order"} */
create or replace   view ECOMM_DB.DBT_DEV.int_reviews_by_order
  
   as (
    SELECT
    order_id,
    SUM(review_score) AS total_review_score,
    COUNT(review_id) AS total_review_count
FROM ECOMM_DB.DBT_DEV.stg_order_reviews
GROUP BY order_id
  );
[0m01:01:48.421368 [debug] [Thread-2 (]: Opening a new connection, currently in state init
[0m01:01:49.130840 [debug] [Thread-2 (]: SQL status: SUCCESS 1 in 0.709 seconds
[0m01:01:49.157925 [info ] [Thread-2 (]: 1 of 1 OK created sql view model DBT_DEV.int_reviews_by_order .................. [[32mSUCCESS 1[0m in 0.79s]
[0m01:01:49.158883 [debug] [Thread-2 (]: Finished running node model.olist_dbt.int_reviews_by_order
[0m01:01:49.161647 [debug] [Dummy-1   ]: Connection 'master' was properly closed.
[0m01:01:49.162218 [debug] [Dummy-1   ]: Connection 'model.olist_dbt.int_reviews_by_order' was properly closed.
[0m01:01:49.162696 [info ] [Dummy-1   ]: 
[0m01:01:49.163232 [info ] [Dummy-1   ]: Finished running 1 view model in 0 hours 0 minutes and 2.33 seconds (2.33s).
[0m01:01:49.164086 [debug] [Dummy-1   ]: Command end result
[0m01:01:49.187038 [debug] [Dummy-1   ]: Wrote artifact WritableManifest to /tmp/dbt/target/manifest.json
[0m01:01:49.189195 [debug] [Dummy-1   ]: Wrote artifact SemanticManifest to /tmp/dbt/target/semantic_manifest.json
[0m01:01:49.195400 [debug] [Dummy-1   ]: Wrote artifact RunExecutionResult to /tmp/dbt/target/run_results.json
[0m01:01:49.195965 [info ] [Dummy-1   ]: 
[0m01:01:49.196636 [info ] [Dummy-1   ]: [32mCompleted successfully[0m
[0m01:01:49.197133 [info ] [Dummy-1   ]: 
[0m01:01:49.197601 [info ] [Dummy-1   ]: Done. PASS=1 WARN=0 ERROR=0 SKIP=0 TOTAL=1
[0m01:01:49.199423 [debug] [Dummy-1   ]: Resource report: {"command_name": "run", "command_success": true, "command_wall_clock_time": 4.83367, "process_in_blocks": "0", "process_kernel_time": 0.86, "process_mem_max_rss": "520440", "process_out_blocks": "0", "process_user_time": 5.26}
[0m01:01:49.200114 [debug] [Dummy-1   ]: Command `cli run` succeeded at 01:01:49.199833 after 4.83 seconds
[0m01:01:49.200695 [debug] [Dummy-1   ]: Flushing usage events


============================== 08:31:17.288514 | ddc711b4-3605-465d-b6de-f8ed48183c31 ==============================
[0m08:31:17.288514 [info ] [Dummy-1   ]: Running with dbt=1.9.4
[0m08:31:17.289358 [debug] [Dummy-1   ]: running dbt with arguments {'printer_width': '80', 'indirect_selection': 'eager', 'write_json': 'True', 'log_cache_events': 'False', 'partial_parse': 'True', 'cache_selected_only': 'False', 'profiles_dir': '/tmp/dbt_effective_profiles_rthe0d81', 'version_check': 'True', 'warn_error': 'None', 'log_path': '/tmp/dbt/logs', 'debug': 'False', 'fail_fast': 'False', 'use_colors': 'True', 'use_experimental_parser': 'False', 'empty': 'False', 'quiet': 'False', 'no_print': 'None', 'warn_error_options': 'WarnErrorOptions(include=[], exclude=[])', 'static_parser': 'True', 'log_format': 'default', 'invocation_command': 'dbt ', 'target_path': 'None', 'introspect': 'True', 'send_anonymous_usage_stats': 'False'}
[0m08:31:17.553221 [info ] [Dummy-1   ]: Registered adapter: snowflake=1.9.2
[0m08:31:18.096319 [debug] [Dummy-1   ]: checksum: 53ed91fada2233efb98368d1716b44ab532c83a9c293cf1890b7905d5b45fb25, vars: {}, profile: , target: dev, version: 1.9.4
[0m08:31:18.304353 [debug] [Dummy-1   ]: Partial parsing enabled: 0 files deleted, 1 files added, 0 files changed.
[0m08:31:18.305115 [debug] [Dummy-1   ]: Partial parsing: added file: olist_dbt://models/marts/fct_seller_performance.sql
[0m08:31:18.601377 [error] [Dummy-1   ]: Encountered an error:
Compilation Error in model fct_seller_performance (models/marts/fct_seller_performance.sql)
  The name argument to ref() must be a string, got <class 'dbt_common.clients.jinja.create_undefined.<locals>.Undefined'>
[0m08:31:18.602949 [debug] [Dummy-1   ]: Resource report: {"command_name": "run", "command_success": false, "command_wall_clock_time": 1.3866149, "process_in_blocks": "0", "process_kernel_time": 0.65, "process_mem_max_rss": "413384", "process_out_blocks": "0", "process_user_time": 3.78}
[0m08:31:18.603616 [debug] [Dummy-1   ]: Command `cli run` failed at 08:31:18.603313 after 1.39 seconds
[0m08:31:18.604187 [debug] [Dummy-1   ]: Flushing usage events


============================== 08:31:49.942135 | 22e80951-1657-446a-b389-2a2b294fafe2 ==============================
[0m08:31:49.942135 [info ] [Dummy-1   ]: Running with dbt=1.9.4
[0m08:31:49.942916 [debug] [Dummy-1   ]: running dbt with arguments {'printer_width': '80', 'indirect_selection': 'eager', 'log_cache_events': 'False', 'write_json': 'True', 'partial_parse': 'True', 'cache_selected_only': 'False', 'warn_error': 'None', 'version_check': 'True', 'debug': 'False', 'log_path': '/tmp/dbt/logs', 'profiles_dir': '/tmp/dbt_effective_profiles_pg2rozk4', 'fail_fast': 'False', 'use_colors': 'True', 'use_experimental_parser': 'False', 'no_print': 'None', 'quiet': 'False', 'empty': 'False', 'warn_error_options': 'WarnErrorOptions(include=[], exclude=[])', 'static_parser': 'True', 'introspect': 'True', 'invocation_command': 'dbt ', 'target_path': 'None', 'log_format': 'default', 'send_anonymous_usage_stats': 'False'}
[0m08:31:50.210732 [info ] [Dummy-1   ]: Registered adapter: snowflake=1.9.2
[0m08:31:50.751054 [debug] [Dummy-1   ]: checksum: 53ed91fada2233efb98368d1716b44ab532c83a9c293cf1890b7905d5b45fb25, vars: {}, profile: , target: dev, version: 1.9.4
[0m08:31:50.955955 [debug] [Dummy-1   ]: Partial parsing enabled: 0 files deleted, 1 files added, 0 files changed.
[0m08:31:50.956705 [debug] [Dummy-1   ]: Partial parsing: added file: olist_dbt://models/marts/fct_seller_performance.sql
[0m08:31:51.417369 [debug] [Dummy-1   ]: Wrote artifact WritableManifest to /tmp/dbt/target/manifest.json
[0m08:31:51.419236 [debug] [Dummy-1   ]: Wrote artifact SemanticManifest to /tmp/dbt/target/semantic_manifest.json
[0m08:31:51.460510 [info ] [Dummy-1   ]: Found 5 models, 9 sources, 474 macros
[0m08:31:51.462626 [info ] [Dummy-1   ]: 
[0m08:31:51.463141 [info ] [Dummy-1   ]: Concurrency: 4 threads (target='dev')
[0m08:31:51.463660 [info ] [Dummy-1   ]: 
[0m08:31:51.464392 [debug] [Dummy-1   ]: Acquiring new snowflake connection 'master'
[0m08:31:51.466594 [debug] [ThreadPool]: Acquiring new snowflake connection 'list_ECOMM_DB'
[0m08:31:51.565437 [debug] [ThreadPool]: Using snowflake connection "list_ECOMM_DB"
[0m08:31:51.566033 [debug] [ThreadPool]: On list_ECOMM_DB: /* {"app": "dbt", "dbt_version": "1.9.4", "profile_name": "olist_dbt", "target_name": "dev", "connection_name": "list_ECOMM_DB"} */
show terse schemas in database ECOMM_DB
    limit 10000
[0m08:31:51.566530 [debug] [ThreadPool]: Opening a new connection, currently in state init
[0m08:31:51.996894 [debug] [ThreadPool]: SQL status: SUCCESS 7 in 0.430 seconds
[0m08:31:52.004466 [debug] [ThreadPool]: Re-using an available connection from the pool (formerly list_ECOMM_DB, now list_ECOMM_DB_DBT_DEV)
[0m08:31:52.016553 [debug] [ThreadPool]: Using snowflake connection "list_ECOMM_DB_DBT_DEV"
[0m08:31:52.017014 [debug] [ThreadPool]: On list_ECOMM_DB_DBT_DEV: /* {"app": "dbt", "dbt_version": "1.9.4", "profile_name": "olist_dbt", "target_name": "dev", "connection_name": "list_ECOMM_DB_DBT_DEV"} */
alter session set quoted_identifiers_ignore_case = false;
[0m08:31:52.017420 [debug] [ThreadPool]: Opening a new connection, currently in state init
[0m08:31:52.404809 [debug] [ThreadPool]: SQL status: SUCCESS 1 in 0.387 seconds
[0m08:31:52.409223 [debug] [ThreadPool]: Using snowflake connection "list_ECOMM_DB_DBT_DEV"
[0m08:31:52.409732 [debug] [ThreadPool]: On list_ECOMM_DB_DBT_DEV: /* {"app": "dbt", "dbt_version": "1.9.4", "profile_name": "olist_dbt", "target_name": "dev", "connection_name": "list_ECOMM_DB_DBT_DEV"} */
show objects in ECOMM_DB.DBT_DEV
    limit 10000
    
;
[0m08:31:52.515058 [debug] [ThreadPool]: SQL status: SUCCESS 4 in 0.105 seconds
[0m08:31:52.517134 [debug] [ThreadPool]: Using snowflake connection "list_ECOMM_DB_DBT_DEV"
[0m08:31:52.517595 [debug] [ThreadPool]: On list_ECOMM_DB_DBT_DEV: /* {"app": "dbt", "dbt_version": "1.9.4", "profile_name": "olist_dbt", "target_name": "dev", "connection_name": "list_ECOMM_DB_DBT_DEV"} */
alter session unset quoted_identifiers_ignore_case;
[0m08:31:52.581762 [debug] [ThreadPool]: SQL status: SUCCESS 1 in 0.063 seconds
[0m08:31:52.594039 [debug] [Thread-2 (]: Began running node model.olist_dbt.fct_seller_performance
[0m08:31:52.594727 [info ] [Thread-2 (]: 1 of 1 START sql table model DBT_DEV.fct_seller_performance .................... [RUN]
[0m08:31:52.595339 [debug] [Thread-2 (]: Re-using an available connection from the pool (formerly list_ECOMM_DB_DBT_DEV, now model.olist_dbt.fct_seller_performance)
[0m08:31:52.595896 [debug] [Thread-2 (]: Began compiling node model.olist_dbt.fct_seller_performance
[0m08:31:52.604539 [debug] [Thread-2 (]: Writing injected SQL for node "model.olist_dbt.fct_seller_performance"
[0m08:31:52.605239 [debug] [Thread-2 (]: Began executing node model.olist_dbt.fct_seller_performance
[0m08:31:52.637611 [debug] [Thread-2 (]: Writing runtime sql for node "model.olist_dbt.fct_seller_performance"
[0m08:31:52.639330 [debug] [Thread-2 (]: Using snowflake connection "model.olist_dbt.fct_seller_performance"
[0m08:31:52.639946 [debug] [Thread-2 (]: On model.olist_dbt.fct_seller_performance: /* {"app": "dbt", "dbt_version": "1.9.4", "profile_name": "olist_dbt", "target_name": "dev", "node_id": "model.olist_dbt.fct_seller_performance"} */
create or replace transient table ECOMM_DB.DBT_DEV.fct_seller_performance
         as
        (WITH SellerOrders AS (
    SELECT
        seller_id,
        order_id,
        SUM(price) as order_revenue
    FROM ECOMM_DB.DBT_DEV.stg_order_items
    GROUP BY seller_id, order_id
), Combined AS (
    SELECT
        so.seller_id,
        so.order_id,
        so.order_revenue,
        iro.total_review_score,
        iro.total_review_count
    FROM SellerOrders so
    LEFT JOIN ECOMM_DB.DBT_DEV.int_reviews_by_order iro ON so.order_id = iro.order_id
)
SELECT
    seller_id,
    COUNT(order_id) AS total_orders,
    SUM(order_revenue) AS total_revenue,
    COALESCE(SUM(total_review_score), 0) AS total_review_score,
    COALESCE(SUM(total_review_count), 0) AS total_review_count,
    ROUND(SUM(total_review_score) / NULLIF(SUM(total_review_count), 0), 2) AS avg_review_score
FROM Combined
GROUP BY seller_id
        );
[0m08:31:52.640433 [debug] [Thread-2 (]: Opening a new connection, currently in state init
[0m08:31:54.230319 [debug] [Thread-2 (]: SQL status: SUCCESS 1 in 1.590 seconds
[0m08:31:54.253172 [info ] [Thread-2 (]: 1 of 1 OK created sql table model DBT_DEV.fct_seller_performance ............... [[32mSUCCESS 1[0m in 1.66s]
[0m08:31:54.253936 [debug] [Thread-2 (]: Finished running node model.olist_dbt.fct_seller_performance
[0m08:31:54.256773 [debug] [Dummy-1   ]: Connection 'master' was properly closed.
[0m08:31:54.257289 [debug] [Dummy-1   ]: Connection 'model.olist_dbt.fct_seller_performance' was properly closed.
[0m08:31:54.257763 [info ] [Dummy-1   ]: 
[0m08:31:54.258236 [info ] [Dummy-1   ]: Finished running 1 table model in 0 hours 0 minutes and 2.79 seconds (2.79s).
[0m08:31:54.258957 [debug] [Dummy-1   ]: Command end result
[0m08:31:54.280233 [debug] [Dummy-1   ]: Wrote artifact WritableManifest to /tmp/dbt/target/manifest.json
[0m08:31:54.281834 [debug] [Dummy-1   ]: Wrote artifact SemanticManifest to /tmp/dbt/target/semantic_manifest.json
[0m08:31:54.287408 [debug] [Dummy-1   ]: Wrote artifact RunExecutionResult to /tmp/dbt/target/run_results.json
[0m08:31:54.287933 [info ] [Dummy-1   ]: 
[0m08:31:54.288504 [info ] [Dummy-1   ]: [32mCompleted successfully[0m
[0m08:31:54.288926 [info ] [Dummy-1   ]: 
[0m08:31:54.289374 [info ] [Dummy-1   ]: Done. PASS=1 WARN=0 ERROR=0 SKIP=0 TOTAL=1
[0m08:31:54.290996 [debug] [Dummy-1   ]: Resource report: {"command_name": "run", "command_success": true, "command_wall_clock_time": 4.4205847, "process_in_blocks": "0", "process_kernel_time": 0.6, "process_mem_max_rss": "510868", "process_out_blocks": "0", "process_user_time": 4.34}
[0m08:31:54.291619 [debug] [Dummy-1   ]: Command `cli run` succeeded at 08:31:54.291339 after 4.42 seconds
[0m08:31:54.292155 [debug] [Dummy-1   ]: Flushing usage events
